// Vitest Snapshot v1

exports[`<Article /> > render 1`] = `"<div><div class=\\"article\\"><h2 class=\\"article__title\\">sunt aut facere repellat provident occaecati excepturi optio reprehenderit</h2><p class=\\"article__body\\">quia et suscipit suscipit recusandae consequuntur expedita et cum reprehenderit molestiae ut ut quas totam nostrum rerum est autem sunt rem eveniet architecto</p><p>Loading comments...</p></div></div>"`;
